C:\projects\Servo\Temp\Includes\AS_TempDecl\Config1\GlobalComponents\McElements.var
C:\projects\Servo\Temp\Includes\AS_TempDecl\Config1\GlobalComponents\MpComponents.var
C:\projects\Servo\Logical\Global.typ
C:\projects\Servo\Logical\Global.var
C:\projects\Servo\Logical\Libraries\operator\operator.fun
C:\projects\Servo\Logical\Libraries\operator\operator.typ
C:\projects\Servo\Logical\Libraries\operator\operator.var
C:\projects\Servo\Logical\Libraries\runtime\runtime.fun
C:\projects\Servo\Logical\Libraries\runtime\runtime.typ
C:\projects\Servo\Logical\Libraries\runtime\runtime.var
C:\projects\Servo\Logical\Libraries\astime\astime.fun
C:\projects\Servo\Logical\Libraries\astime\astime.typ
C:\projects\Servo\Logical\Libraries\astime\astime.var
C:\projects\Servo\Logical\Libraries\AsIecCon\AsIecCon.fun
C:\projects\Servo\Logical\Libraries\AsIecCon\AsIecCon.typ
C:\projects\Servo\Logical\Libraries\AsIecCon\AsIecCon.var
C:\projects\Servo\Logical\Libraries\McBase\McBase.typ
C:\projects\Servo\Logical\Libraries\McBase\McBase.fun
C:\projects\Servo\Logical\Libraries\McBase\McBase.var
C:\projects\Servo\Logical\Libraries\McBase\McBaseCfg.typ
C:\projects\Servo\Logical\Libraries\MpAxis\MpAxis.fun
C:\projects\Servo\Logical\Libraries\MpAxis\MpAxis.typ
C:\projects\Servo\Logical\Libraries\MpAxis\MpAxisError.typ
C:\projects\Servo\Logical\Libraries\McAxis\McAxis.typ
C:\projects\Servo\Logical\Libraries\McAxis\McAxis.fun
C:\projects\Servo\Logical\Libraries\McAxis\McAxis.var
C:\projects\Servo\Logical\Libraries\McAxis\McAxisCfg.typ
C:\projects\Servo\Logical\Libraries\MpBase\MpBase.var
C:\projects\Servo\Logical\Libraries\MpBase\MpBase.typ
C:\projects\Servo\Logical\Libraries\MpBase\MpBase.fun
C:\projects\Servo\Logical\Libraries\McAcpAx\McAcpAx.typ
C:\projects\Servo\Logical\Libraries\McAcpAx\McAcpAx.fun
C:\projects\Servo\Logical\Libraries\McAcpAx\McAcpAx.var
C:\projects\Servo\Logical\Libraries\McAcpAx\McAcpAxCfg.typ
C:\projects\Servo\Logical\Libraries\standard\standard.fun
C:\projects\Servo\Logical\Libraries\standard\standard.typ
C:\projects\Servo\Logical\Libraries\standard\standard.var
C:\projects\Servo\Logical\Libraries\MpAlarmX\MpAlarmX.typ
C:\projects\Servo\Logical\Libraries\MpAlarmX\MpAlarmXError.typ
C:\projects\Servo\Logical\Libraries\MpAlarmX\MpAlarmX.fun
